app/(admin)/admin/page.tsx(204,15): error TS2322: Type '{ children: Element[]; variant: string; className: string; }' is not assignable to type 'IntrinsicAttributes & ClassAttributes<HTMLDivElement> & HTMLAttributes<HTMLDivElement> & { ...; }'.
  Property 'variant' does not exist on type 'IntrinsicAttributes & ClassAttributes<HTMLDivElement> & HTMLAttributes<HTMLDivElement> & { ...; }'.
app/(admin)/admin/page.tsx(250,15): error TS2322: Type '{ children: Element[]; variant: string; className: string; }' is not assignable to type 'IntrinsicAttributes & ClassAttributes<HTMLDivElement> & HTMLAttributes<HTMLDivElement> & { ...; }'.
  Property 'variant' does not exist on type 'IntrinsicAttributes & ClassAttributes<HTMLDivElement> & HTMLAttributes<HTMLDivElement> & { ...; }'.
app/(admin)/admin/plans/components/PlanForm.tsx(202,16): error TS2322: Type '"danger"' is not assignable to type '"default" | "destructive" | null | undefined'.
app/(admin)/admin/plans/components/PlanForm.tsx(764,17): error TS2322: Type '"primary"' is not assignable to type '"link" | "default" | "secondary" | "outline" | "ghost" | "destructive" | null | undefined'.
app/(admin)/admin/plans/components/PlansList.tsx(95,16): error TS2322: Type '"danger"' is not assignable to type '"default" | "destructive" | null | undefined'.
app/(admin)/admin/plans/components/PlansList.tsx(106,11): error TS2322: Type '"primary"' is not assignable to type '"link" | "default" | "secondary" | "outline" | "ghost" | "destructive" | null | undefined'.
app/(admin)/admin/plans/components/PlansList.tsx(142,30): error TS2322: Type '"shade"' is not assignable to type '"link" | "default" | "secondary" | "outline" | "ghost" | "destructive" | null | undefined'.
app/(admin)/admin/plans/components/PlansList.tsx(144,30): error TS2322: Type '"mint"' is not assignable to type '"link" | "default" | "secondary" | "outline" | "ghost" | "destructive" | null | undefined'.
app/(admin)/admin/plans/components/PlansList.tsx(280,19): error TS2322: Type '"outline-light"' is not assignable to type '"link" | "default" | "secondary" | "outline" | "ghost" | "destructive" | null | undefined'.
app/(admin)/admin/plans/components/PlansList.tsx(292,21): error TS2322: Type '"outline-light"' is not assignable to type '"link" | "default" | "secondary" | "outline" | "ghost" | "destructive" | null | undefined'.
app/(admin)/admin/plans/components/PlansList.tsx(307,21): error TS2322: Type '"outline-light"' is not assignable to type '"link" | "default" | "secondary" | "outline" | "ghost" | "destructive" | null | undefined'.
app/(admin)/admin/subscriptions/SubscriptionsClient.tsx(484,11): error TS2322: Type '"primary"' is not assignable to type '"link" | "default" | "outline" | "secondary" | "ghost" | "destructive" | null | undefined'.
app/(admin)/admin/subscriptions/SubscriptionsClient.tsx(598,27): error TS2322: Type '"primary"' is not assignable to type '"link" | "default" | "outline" | "secondary" | "ghost" | "destructive" | null | undefined'.
app/(admin)/admin/subscriptions/SubscriptionsClient.tsx(612,27): error TS2322: Type '"outline-light"' is not assignable to type '"link" | "default" | "outline" | "secondary" | "ghost" | "destructive" | null | undefined'.
app/(admin)/admin/subscriptions/SubscriptionsClient.tsx(682,23): error TS2558: Expected 0 type arguments, but got 1.
app/(admin)/admin/subscriptions/SubscriptionsClient.tsx(694,23): error TS2558: Expected 0 type arguments, but got 1.
app/(admin)/admin/subscriptions/SubscriptionsClient.tsx(707,23): error TS2558: Expected 0 type arguments, but got 1.
app/(admin)/admin/subscriptions/SubscriptionsClient.tsx(789,34): error TS2322: Type '"mint"' is not assignable to type '"link" | "default" | "outline" | "secondary" | "ghost" | "destructive" | null | undefined'.
app/(admin)/admin/subscriptions/SubscriptionsClient.tsx(792,34): error TS2322: Type '"shade"' is not assignable to type '"link" | "default" | "outline" | "secondary" | "ghost" | "destructive" | null | undefined'.
app/(admin)/admin/subscriptions/SubscriptionsClient.tsx(897,27): error TS2322: Type '{ options: MerchantDropdownItem[]; value: MerchantDropdownItem | null; onChange: (val: any) => void; getOptionLabel: (m: any) => string; ... 4 more ...; renderOption: (m: any) => Element; }' is not assignable to type 'IntrinsicAttributes & Omit<Props<MerchantDropdownItem, "single">, "onOpenChange" | "autoComplete" | "fillInputOnItemPress" | ... 14 more ... | "onItemHighlighted"> & { ...; }'.
  Property 'options' does not exist on type 'IntrinsicAttributes & Omit<Props<MerchantDropdownItem, "single">, "onOpenChange" | "autoComplete" | "fillInputOnItemPress" | ... 14 more ... | "onItemHighlighted"> & { ...; }'.
app/(admin)/admin/subscriptions/SubscriptionsClient.tsx(899,38): error TS7006: Parameter 'val' implicitly has an 'any' type.
app/(admin)/admin/subscriptions/SubscriptionsClient.tsx(914,44): error TS7006: Parameter 'm' implicitly has an 'any' type.
app/(admin)/admin/subscriptions/SubscriptionsClient.tsx(915,44): error TS7006: Parameter 'm' implicitly has an 'any' type.
app/(admin)/admin/subscriptions/SubscriptionsClient.tsx(919,42): error TS7006: Parameter 'm' implicitly has an 'any' type.
app/(admin)/admin/subscriptions/SubscriptionsClient.tsx(1013,35): error TS2558: Expected 0 type arguments, but got 1.
app/(admin)/admin/subscriptions/SubscriptionsClient.tsx(1101,41): error TS2558: Expected 0 type arguments, but got 1.
app/(admin)/admin/subscriptions/SubscriptionsClient.tsx(1123,52): error TS2322: Type '"warning"' is not assignable to type '"default" | "destructive" | null | undefined'.
app/(admin)/admin/subscriptions/SubscriptionsClient.tsx(1161,9): error TS2322: Type '{ children: Element | null; isOpen: boolean; onClose: () => void; title: string; description: string; }' is not assignable to type 'IntrinsicAttributes & DialogProps'.
  Property 'isOpen' does not exist on type 'IntrinsicAttributes & DialogProps'. Did you mean 'open'?
app/(admin)/admin/subscriptions/SubscriptionsClient.tsx(1243,19): error TS2322: Type '"outline-light"' is not assignable to type '"link" | "default" | "outline" | "secondary" | "ghost" | "destructive" | null | undefined'.
app/(admin)/admin/subscriptions/SubscriptionsClient.tsx(1252,19): error TS2322: Type '"primary"' is not assignable to type '"link" | "default" | "outline" | "secondary" | "ghost" | "destructive" | null | undefined'.
app/(admin)/admin/subscriptions/SubscriptionsClient.tsx(1269,9): error TS2322: Type '{ children: Element | null; isOpen: boolean; onClose: () => void; title: string; description: string; }' is not assignable to type 'IntrinsicAttributes & DialogProps'.
  Property 'isOpen' does not exist on type 'IntrinsicAttributes & DialogProps'. Did you mean 'open'?
app/(admin)/admin/subscriptions/SubscriptionsClient.tsx(1316,17): error TS2322: Type '"outline-light"' is not assignable to type '"link" | "default" | "outline" | "secondary" | "ghost" | "destructive" | null | undefined'.
app/(admin)/admin/subscriptions/SubscriptionsClient.tsx(1325,17): error TS2322: Type '"primary"' is not assignable to type '"link" | "default" | "outline" | "secondary" | "ghost" | "destructive" | null | undefined'.
app/(admin)/admin/subscriptions/SubscriptionsClient.tsx(1341,9): error TS2322: Type '{ isOpen: boolean; onClose: () => void; onConfirm: () => Promise<void>; title: string; description: string; confirmText: string; cancelText: string; variant: string; isPending: boolean; }' is not assignable to type 'IntrinsicAttributes & AlertDialogProps'.
  Property 'isOpen' does not exist on type 'IntrinsicAttributes & AlertDialogProps'. Did you mean 'open'?
app/(admin)/admin/templates/TemplatesDashboardClient.tsx(150,30): error TS2322: Type '{ children: Element[]; key: string; variant: string; className: string; }' is not assignable to type 'IntrinsicAttributes & ClassAttributes<HTMLDivElement> & HTMLAttributes<HTMLDivElement> & { ...; }'.
  Property 'variant' does not exist on type 'IntrinsicAttributes & ClassAttributes<HTMLDivElement> & HTMLAttributes<HTMLDivElement> & { ...; }'.
app/(admin)/admin/templates/TemplatesDashboardClient.tsx(169,26): error TS2322: Type '"mint" | "shade"' is not assignable to type '"link" | "default" | "outline" | "secondary" | "ghost" | "destructive" | null | undefined'.
  Type '"mint"' is not assignable to type '"link" | "default" | "outline" | "secondary" | "ghost" | "destructive" | null | undefined'.
app/(admin)/admin/templates/TemplatesDashboardClient.tsx(218,19): error TS2322: Type '"primary" | "outline"' is not assignable to type '"link" | "default" | "outline" | "secondary" | "ghost" | "destructive" | null | undefined'.
  Type '"primary"' is not assignable to type '"link" | "default" | "outline" | "secondary" | "ghost" | "destructive" | null | undefined'.
app/(admin)/components/SystemOverviewCard.tsx(26,7): error TS2322: Type '{ children: (false | "" | 0 | 0n | Element | null | undefined)[]; variant: string; className: string; }' is not assignable to type 'IntrinsicAttributes & ClassAttributes<HTMLDivElement> & HTMLAttributes<HTMLDivElement> & { ...; }'.
  Property 'variant' does not exist on type 'IntrinsicAttributes & ClassAttributes<HTMLDivElement> & HTMLAttributes<HTMLDivElement> & { ...; }'.
app/(auth)/onboarding/OnboardingForm.tsx(97,15): error TS2322: Type '{ children: Element; variant: string; className: string; }' is not assignable to type 'IntrinsicAttributes & ClassAttributes<HTMLDivElement> & HTMLAttributes<HTMLDivElement> & { ...; }'.
  Property 'variant' does not exist on type 'IntrinsicAttributes & ClassAttributes<HTMLDivElement> & HTMLAttributes<HTMLDivElement> & { ...; }'.
app/(dashboard)/dashboard/discounts/components/PlanUpsellBanner.tsx(40,17): error TS2322: Type '"md"' is not assignable to type '"default" | "sm" | "lg" | "xs" | "icon" | "icon-xs" | "icon-sm" | "icon-lg" | null | undefined'.
app/(dashboard)/dashboard/orders/components/OrderActions.tsx(136,15): error TS2322: Type '"primary"' is not assignable to type '"link" | "default" | "secondary" | "outline" | "ghost" | "destructive" | null | undefined'.
app/(dashboard)/dashboard/orders/components/OrderActions.tsx(145,15): error TS2322: Type '"outline-light"' is not assignable to type '"link" | "default" | "secondary" | "outline" | "ghost" | "destructive" | null | undefined'.
app/(dashboard)/dashboard/orders/components/OrderActions.tsx(159,15): error TS2322: Type '"primary"' is not assignable to type '"link" | "default" | "secondary" | "outline" | "ghost" | "destructive" | null | undefined'.
app/(dashboard)/dashboard/orders/components/OrderActions.tsx(168,15): error TS2322: Type '"outline-light"' is not assignable to type '"link" | "default" | "secondary" | "outline" | "ghost" | "destructive" | null | undefined'.
app/(dashboard)/dashboard/orders/components/OrderActions.tsx(177,15): error TS2322: Type '"outline-light"' is not assignable to type '"link" | "default" | "secondary" | "outline" | "ghost" | "destructive" | null | undefined'.
app/(dashboard)/dashboard/orders/components/OrderActions.tsx(191,15): error TS2322: Type '"primary"' is not assignable to type '"link" | "default" | "secondary" | "outline" | "ghost" | "destructive" | null | undefined'.
app/(dashboard)/dashboard/orders/components/OrderActions.tsx(200,15): error TS2322: Type '"outline-light"' is not assignable to type '"link" | "default" | "secondary" | "outline" | "ghost" | "destructive" | null | undefined'.
app/(dashboard)/dashboard/orders/components/OrderActions.tsx(214,11): error TS2322: Type '{ isOpen: boolean; onClose: () => void; onConfirm: () => void; title: string; description: string; confirmText: string; variant: "primary" | "danger" | "emerald"; isPending: boolean; }' is not assignable to type 'IntrinsicAttributes & AlertDialogProps'.
  Property 'isOpen' does not exist on type 'IntrinsicAttributes & AlertDialogProps'. Did you mean 'open'?
app/(dashboard)/dashboard/pages/components/pages-client.tsx(89,11): error TS2322: Type '{ children: Element[]; render: Element; id: string; className: string; }' is not assignable to type 'IntrinsicAttributes & ClassAttributes<HTMLButtonElement> & ButtonHTMLAttributes<HTMLButtonElement> & VariantProps<...> & { ...; }'.
  Property 'render' does not exist on type 'IntrinsicAttributes & ClassAttributes<HTMLButtonElement> & ButtonHTMLAttributes<HTMLButtonElement> & VariantProps<...> & { ...; }'.
app/(dashboard)/dashboard/pages/components/pages-client.tsx(113,13): error TS2322: Type '{ children: string; render: Element; id: string; className: string; }' is not assignable to type 'IntrinsicAttributes & ClassAttributes<HTMLButtonElement> & ButtonHTMLAttributes<HTMLButtonElement> & VariantProps<...> & { ...; }'.
  Property 'render' does not exist on type 'IntrinsicAttributes & ClassAttributes<HTMLButtonElement> & ButtonHTMLAttributes<HTMLButtonElement> & VariantProps<...> & { ...; }'.
app/(dashboard)/dashboard/pages/components/pages-client.tsx(150,21): error TS2322: Type '{ children: Element[]; render: Element; variant: "outline"; size: "sm"; className: string; }' is not assignable to type 'IntrinsicAttributes & ClassAttributes<HTMLButtonElement> & ButtonHTMLAttributes<HTMLButtonElement> & VariantProps<...> & { ...; }'.
  Property 'render' does not exist on type 'IntrinsicAttributes & ClassAttributes<HTMLButtonElement> & ButtonHTMLAttributes<HTMLButtonElement> & VariantProps<...> & { ...; }'.
app/(dashboard)/dashboard/templates/components/SectionEditors.tsx(251,25): error TS2339: Property 'items' does not exist on type 'FaqContent'.
app/(dashboard)/dashboard/templates/components/SectionEditors.tsx(258,26): error TS2339: Property 'title' does not exist on type 'FaqContent'.
app/(dashboard)/dashboard/templates/components/SectionEditors.tsx(259,51): error TS2353: Object literal may only specify known properties, and 'title' does not exist in type 'FaqContent'.
app/(dashboard)/dashboard/templates/components/SectionEditors.tsx(274,40): error TS2353: Object literal may only specify known properties, and 'items' does not exist in type 'FaqContent'.
app/(dashboard)/dashboard/templates/components/SectionEditors.tsx(284,21): error TS7006: Parameter 'item' implicitly has an 'any' type.
app/(dashboard)/dashboard/templates/components/SectionEditors.tsx(284,27): error TS7006: Parameter 'idx' implicitly has an 'any' type.
app/(dashboard)/dashboard/templates/components/SectionEditors.tsx(292,42): error TS2353: Object literal may only specify known properties, and 'items' does not exist in type 'FaqContent'.
app/(dashboard)/dashboard/templates/components/SectionEditors.tsx(302,42): error TS2353: Object literal may only specify known properties, and 'items' does not exist in type 'FaqContent'.
app/(dashboard)/dashboard/templates/components/SectionEditors.tsx(314,40): error TS2353: Object literal may only specify known properties, and 'items' does not exist in type 'FaqContent'.
app/(dashboard)/dashboard/templates/components/TemplatesPageClient.tsx(443,42): error TS2322: Type '{ children: (string | Element)[]; render: Element; }' is not assignable to type 'IntrinsicAttributes & DropdownMenuTriggerProps & RefAttributes<HTMLButtonElement>'.
  Property 'render' does not exist on type 'IntrinsicAttributes & DropdownMenuTriggerProps & RefAttributes<HTMLButtonElement>'.
app/(dashboard)/dashboard/templates/page.tsx(68,67): error TS2554: Expected 1 arguments, but got 2.
app/(dashboard)/layout.tsx(52,7): error TS2322: Type '{ id: string; name: string; subdomain: string; ownerId: string | null; plan: string; subscriptionStatus: string; trialExpiry: Date; bkashNumber: string | null; nagadNumber: string | null; ... 8 more ...; themeSettings: { ...; } | null; } | undefined' is not assignable to type '{ name: string; subdomain: string; subscriptionStatus: string; trialExpiry: string | Date | null; } | null'.
  Type 'undefined' is not assignable to type '{ name: string; subdomain: string; subscriptionStatus: string; trialExpiry: string | Date | null; } | null'.
app/(marketing)/page.tsx(122,20): error TS2322: Type '"mint"' is not assignable to type '"link" | "default" | "secondary" | "outline" | "ghost" | "destructive" | null | undefined'.
app/(marketing)/page.tsx(201,20): error TS2322: Type '"mint"' is not assignable to type '"link" | "default" | "secondary" | "outline" | "ghost" | "destructive" | null | undefined'.
app/(marketing)/page.tsx(232,32): error TS2322: Type '"mint"' is not assignable to type '"link" | "default" | "secondary" | "outline" | "ghost" | "destructive" | null | undefined'.
app/(marketing)/page.tsx(261,218): error TS2322: Type '{ children: string; variant: "ghost"; className: string; as: ForwardRefExoticComponent<Omit<AnchorHTMLAttributes<HTMLAnchorElement>, keyof LinkProps<any>> & LinkProps<...> & { ...; } & RefAttributes<...>>; href: string; }' is not assignable to type 'IntrinsicAttributes & ClassAttributes<HTMLButtonElement> & ButtonHTMLAttributes<HTMLButtonElement> & VariantProps<...> & { ...; }'.
  Property 'as' does not exist on type 'IntrinsicAttributes & ClassAttributes<HTMLButtonElement> & ButtonHTMLAttributes<HTMLButtonElement> & VariantProps<...> & { ...; }'.
app/(marketing)/page.tsx(265,31): error TS2322: Type '"outline-dark"' is not assignable to type '"link" | "default" | "secondary" | "outline" | "ghost" | "destructive" | null | undefined'.
app/(marketing)/page.tsx(282,20): error TS2322: Type '"shade"' is not assignable to type '"link" | "default" | "secondary" | "outline" | "ghost" | "destructive" | null | undefined'.
app/(storefront)/[subdomain]/cart/page.tsx(39,29): error TS2339: Property 'heroImageUrl' does not exist on type '{ id: string; name: string; subdomain: string; ownerId: string | null; plan: string; subscriptionStatus: string; trialExpiry: Date; bkashNumber: string | null; nagadNumber: string | null; ... 8 more ...; themeSettings: { ...; } | null; }'.
app/(storefront)/[subdomain]/cart/page.tsx(40,25): error TS2339: Property 'subtitle' does not exist on type '{ id: string; name: string; subdomain: string; ownerId: string | null; plan: string; subscriptionStatus: string; trialExpiry: Date; bkashNumber: string | null; nagadNumber: string | null; ... 8 more ...; themeSettings: { ...; } | null; }'.
app/(storefront)/[subdomain]/cart/page.tsx(41,28): error TS2339: Property 'storeDescription' does not exist on type '{ id: string; name: string; subdomain: string; ownerId: string | null; plan: string; subscriptionStatus: string; trialExpiry: Date; bkashNumber: string | null; nagadNumber: string | null; ... 8 more ...; themeSettings: { ...; } | null; }'.
app/(storefront)/[subdomain]/cart/page.tsx(42,24): error TS2339: Property 'storeAddress' does not exist on type '{ id: string; name: string; subdomain: string; ownerId: string | null; plan: string; subscriptionStatus: string; trialExpiry: Date; bkashNumber: string | null; nagadNumber: string | null; ... 8 more ...; themeSettings: { ...; } | null; }'.
app/(storefront)/[subdomain]/cart/page.tsx(43,28): error TS2339: Property 'socialLinks' does not exist on type '{ id: string; name: string; subdomain: string; ownerId: string | null; plan: string; subscriptionStatus: string; trialExpiry: Date; bkashNumber: string | null; nagadNumber: string | null; ... 8 more ...; themeSettings: { ...; } | null; }'.
app/(storefront)/[subdomain]/cart/page.tsx(44,27): error TS2339: Property 'customFaqs' does not exist on type '{ id: string; name: string; subdomain: string; ownerId: string | null; plan: string; subscriptionStatus: string; trialExpiry: Date; bkashNumber: string | null; nagadNumber: string | null; ... 8 more ...; themeSettings: { ...; } | null; }'.
app/(storefront)/[subdomain]/layout.tsx(72,5): error TS2322: Type '{ sectionKey: string; content: AnnouncementBarContent; sortOrder: number; isVisible: boolean; } | { sectionKey: string; content: HeroContent; sortOrder: number; isVisible: boolean; } | ... 5 more ... | undefined' is not assignable to type '{ id: string; createdAt: Date; updatedAt: Date; merchantId: string; content: unknown; sectionKey: string; sortOrder: number; isVisible: boolean; } | undefined'.
  Type '{ sectionKey: string; content: AnnouncementBarContent; sortOrder: number; isVisible: boolean; }' is missing the following properties from type '{ id: string; createdAt: Date; updatedAt: Date; merchantId: string; content: unknown; sectionKey: string; sortOrder: number; isVisible: boolean; }': id, createdAt, updatedAt, merchantId
app/(storefront)/[subdomain]/orders/[id]/page.tsx(76,15): error TS2322: Type '{ children: Element[]; variant: string; className: string; }' is not assignable to type 'IntrinsicAttributes & ClassAttributes<HTMLDivElement> & HTMLAttributes<HTMLDivElement> & { ...; }'.
  Property 'variant' does not exist on type 'IntrinsicAttributes & ClassAttributes<HTMLDivElement> & HTMLAttributes<HTMLDivElement> & { ...; }'.
app/(storefront)/[subdomain]/orders/[id]/page.tsx(89,48): error TS2322: Type '"primary"' is not assignable to type '"link" | "default" | "secondary" | "outline" | "ghost" | "destructive" | null | undefined'.
app/(storefront)/[subdomain]/orders/[id]/page.tsx(93,40): error TS2322: Type '"outline-light"' is not assignable to type '"link" | "default" | "secondary" | "outline" | "ghost" | "destructive" | null | undefined'.
app/(storefront)/[subdomain]/pages/[slug]/page.tsx(51,29): error TS2339: Property 'heroImageUrl' does not exist on type '{ id: string; name: string; subdomain: string; ownerId: string | null; plan: string; subscriptionStatus: string; trialExpiry: Date; bkashNumber: string | null; nagadNumber: string | null; ... 8 more ...; themeSettings: { ...; } | null; }'.
app/(storefront)/[subdomain]/pages/[slug]/page.tsx(52,25): error TS2339: Property 'subtitle' does not exist on type '{ id: string; name: string; subdomain: string; ownerId: string | null; plan: string; subscriptionStatus: string; trialExpiry: Date; bkashNumber: string | null; nagadNumber: string | null; ... 8 more ...; themeSettings: { ...; } | null; }'.
app/(storefront)/[subdomain]/pages/[slug]/page.tsx(53,28): error TS2339: Property 'storeDescription' does not exist on type '{ id: string; name: string; subdomain: string; ownerId: string | null; plan: string; subscriptionStatus: string; trialExpiry: Date; bkashNumber: string | null; nagadNumber: string | null; ... 8 more ...; themeSettings: { ...; } | null; }'.
app/(storefront)/[subdomain]/pages/[slug]/page.tsx(54,24): error TS2339: Property 'storeAddress' does not exist on type '{ id: string; name: string; subdomain: string; ownerId: string | null; plan: string; subscriptionStatus: string; trialExpiry: Date; bkashNumber: string | null; nagadNumber: string | null; ... 8 more ...; themeSettings: { ...; } | null; }'.
app/(storefront)/[subdomain]/pages/[slug]/page.tsx(55,28): error TS2339: Property 'socialLinks' does not exist on type '{ id: string; name: string; subdomain: string; ownerId: string | null; plan: string; subscriptionStatus: string; trialExpiry: Date; bkashNumber: string | null; nagadNumber: string | null; ... 8 more ...; themeSettings: { ...; } | null; }'.
app/(storefront)/[subdomain]/pages/[slug]/page.tsx(56,27): error TS2339: Property 'customFaqs' does not exist on type '{ id: string; name: string; subdomain: string; ownerId: string | null; plan: string; subscriptionStatus: string; trialExpiry: Date; bkashNumber: string | null; nagadNumber: string | null; ... 8 more ...; themeSettings: { ...; } | null; }'.
app/(storefront)/[subdomain]/product/[slug]/page.tsx(136,37): error TS2339: Property 'items' does not exist on type '{}'.
app/(storefront)/[subdomain]/products/page.tsx(120,29): error TS2339: Property 'heroImageUrl' does not exist on type '{ id: string; name: string; subdomain: string; ownerId: string | null; plan: string; subscriptionStatus: string; trialExpiry: Date; bkashNumber: string | null; nagadNumber: string | null; ... 8 more ...; themeSettings: { ...; } | null; }'.
app/(storefront)/[subdomain]/products/page.tsx(121,25): error TS2339: Property 'subtitle' does not exist on type '{ id: string; name: string; subdomain: string; ownerId: string | null; plan: string; subscriptionStatus: string; trialExpiry: Date; bkashNumber: string | null; nagadNumber: string | null; ... 8 more ...; themeSettings: { ...; } | null; }'.
app/(storefront)/[subdomain]/products/page.tsx(122,28): error TS2339: Property 'storeDescription' does not exist on type '{ id: string; name: string; subdomain: string; ownerId: string | null; plan: string; subscriptionStatus: string; trialExpiry: Date; bkashNumber: string | null; nagadNumber: string | null; ... 8 more ...; themeSettings: { ...; } | null; }'.
app/(storefront)/[subdomain]/products/page.tsx(123,24): error TS2339: Property 'storeAddress' does not exist on type '{ id: string; name: string; subdomain: string; ownerId: string | null; plan: string; subscriptionStatus: string; trialExpiry: Date; bkashNumber: string | null; nagadNumber: string | null; ... 8 more ...; themeSettings: { ...; } | null; }'.
app/(storefront)/[subdomain]/products/page.tsx(124,28): error TS2339: Property 'socialLinks' does not exist on type '{ id: string; name: string; subdomain: string; ownerId: string | null; plan: string; subscriptionStatus: string; trialExpiry: Date; bkashNumber: string | null; nagadNumber: string | null; ... 8 more ...; themeSettings: { ...; } | null; }'.
app/(storefront)/[subdomain]/products/page.tsx(125,27): error TS2339: Property 'customFaqs' does not exist on type '{ id: string; name: string; subdomain: string; ownerId: string | null; plan: string; subscriptionStatus: string; trialExpiry: Date; bkashNumber: string | null; nagadNumber: string | null; ... 8 more ...; themeSettings: { ...; } | null; }'.
app/actions/__tests__/products.test.ts(38,7): error TS2740: Type '{ id: string; }' is missing the following properties from type '{ id: string; createdAt: Date; updatedAt: Date; email: string; emailVerified: boolean; name: string; image?: string | null | undefined; isAnonymous: boolean | null | undefined; ... 4 more ...; twoFactorEnabled: boolean | ... 1 more ... | undefined; }': createdAt, updatedAt, email, emailVerified, and 4 more.
app/actions/admin.ts(55,5): error TS2554: Expected 2 arguments, but got 1.
app/actions/admin.ts(56,5): error TS2554: Expected 2 arguments, but got 1.
app/actions/admin.ts(85,5): error TS2554: Expected 2 arguments, but got 1.
app/actions/admin.ts(86,5): error TS2554: Expected 2 arguments, but got 1.
app/actions/admin.ts(158,5): error TS2554: Expected 2 arguments, but got 1.
app/actions/admin.ts(159,5): error TS2554: Expected 2 arguments, but got 1.
app/actions/admin.ts(236,5): error TS2554: Expected 2 arguments, but got 1.
app/actions/admin.ts(237,5): error TS2554: Expected 2 arguments, but got 1.
app/actions/categories.ts(54,5): error TS2554: Expected 2 arguments, but got 1.
app/actions/categories.ts(74,5): error TS2554: Expected 2 arguments, but got 1.
app/actions/categories.ts(88,5): error TS2554: Expected 2 arguments, but got 1.
app/actions/products.ts(78,5): error TS2554: Expected 2 arguments, but got 1.
app/actions/products.ts(80,5): error TS2554: Expected 2 arguments, but got 1.
app/actions/products.ts(135,5): error TS2554: Expected 2 arguments, but got 1.
app/actions/products.ts(138,5): error TS2554: Expected 2 arguments, but got 1.
app/actions/products.ts(159,5): error TS2554: Expected 2 arguments, but got 1.
app/actions/products.ts(196,5): error TS2554: Expected 2 arguments, but got 1.
app/actions/products.ts(215,5): error TS2554: Expected 2 arguments, but got 1.
app/actions/products.ts(267,5): error TS2554: Expected 2 arguments, but got 1.
app/actions/products.ts(281,15): error TS2552: Cannot find name 'products'. Did you mean 'productIds'?
app/actions/products.ts(288,14): error TS2552: Cannot find name 'products'. Did you mean 'productIds'?
app/actions/products.ts(289,19): error TS2552: Cannot find name 'products'. Did you mean 'productIds'?
app/actions/products.ts(293,5): error TS2554: Expected 2 arguments, but got 1.
app/actions/products.ts(307,15): error TS2552: Cannot find name 'products'. Did you mean 'productIds'?
app/actions/products.ts(314,14): error TS2552: Cannot find name 'products'. Did you mean 'productIds'?
app/actions/products.ts(315,19): error TS2552: Cannot find name 'products'. Did you mean 'productIds'?
app/actions/products.ts(319,5): error TS2554: Expected 2 arguments, but got 1.
app/actions/products.ts(333,15): error TS2552: Cannot find name 'products'. Did you mean 'productIds'?
app/actions/products.ts(340,14): error TS2552: Cannot find name 'products'. Did you mean 'productIds'?
app/actions/products.ts(341,19): error TS2552: Cannot find name 'products'. Did you mean 'productIds'?
app/actions/products.ts(345,5): error TS2554: Expected 2 arguments, but got 1.
app/actions/settings.ts(63,5): error TS2554: Expected 2 arguments, but got 1.
app/actions/settings.ts(124,5): error TS2554: Expected 2 arguments, but got 1.
app/actions/settings.ts(140,5): error TS2554: Expected 2 arguments, but got 1.
app/actions/storefront-sections.ts(33,5): error TS2554: Expected 2 arguments, but got 1.
app/actions/storefront-sections.ts(57,77): error TS2554: Expected 1 arguments, but got 2.
app/actions/storefront-sections.ts(65,5): error TS2554: Expected 2 arguments, but got 1.
components/dashboard/edit-product/EditProductTabs.tsx(91,74): error TS2322: Type '{ children: Element; variant: "outline"; size: "icon"; className: string; render: Element; }' is not assignable to type 'IntrinsicAttributes & ClassAttributes<HTMLButtonElement> & ButtonHTMLAttributes<HTMLButtonElement> & VariantProps<...> & { ...; }'.
  Property 'render' does not exist on type 'IntrinsicAttributes & ClassAttributes<HTMLButtonElement> & ButtonHTMLAttributes<HTMLButtonElement> & VariantProps<...> & { ...; }'.
components/dashboard/ProductForm.tsx(331,76): error TS2322: Type '{ children: Element; variant: "outline"; size: "icon"; className: string; render: Element; }' is not assignable to type 'IntrinsicAttributes & ClassAttributes<HTMLButtonElement> & ButtonHTMLAttributes<HTMLButtonElement> & VariantProps<...> & { ...; }'.
  Property 'render' does not exist on type 'IntrinsicAttributes & ClassAttributes<HTMLButtonElement> & ButtonHTMLAttributes<HTMLButtonElement> & VariantProps<...> & { ...; }'.
components/shared/Navbar.tsx(41,45): error TS2322: Type '{ children: string; variant: "ghost"; size: "sm"; as: ForwardRefExoticComponent<Omit<AnchorHTMLAttributes<HTMLAnchorElement>, keyof LinkProps<any>> & LinkProps<...> & { ...; } & RefAttributes<...>>; href: string; className: string; }' is not assignable to type 'IntrinsicAttributes & ClassAttributes<HTMLButtonElement> & ButtonHTMLAttributes<HTMLButtonElement> & VariantProps<...> & { ...; }'.
  Property 'as' does not exist on type 'IntrinsicAttributes & ClassAttributes<HTMLButtonElement> & ButtonHTMLAttributes<HTMLButtonElement> & VariantProps<...> & { ...; }'.
components/shared/Navbar.tsx(44,19): error TS2322: Type '"outline-dark"' is not assignable to type '"link" | "default" | "secondary" | "outline" | "ghost" | "destructive" | null | undefined'.
components/shared/Navbar.tsx(89,124): error TS2322: Type '{ children: string; variant: "ghost"; size: "sm"; className: string; onClick: () => void; as: ForwardRefExoticComponent<Omit<AnchorHTMLAttributes<HTMLAnchorElement>, keyof LinkProps<...>> & LinkProps<...> & { ...; } & RefAttributes<...>>; href: string; }' is not assignable to type 'IntrinsicAttributes & ClassAttributes<HTMLButtonElement> & ButtonHTMLAttributes<HTMLButtonElement> & VariantProps<...> & { ...; }'.
  Property 'as' does not exist on type 'IntrinsicAttributes & ClassAttributes<HTMLButtonElement> & ButtonHTMLAttributes<HTMLButtonElement> & VariantProps<...> & { ...; }'.
components/shared/Navbar.tsx(92,23): error TS2322: Type '"primary"' is not assignable to type '"link" | "default" | "secondary" | "outline" | "ghost" | "destructive" | null | undefined'.
components/storefront/CartClientPage.tsx(129,15): error TS2322: Type '{ children: Element[]; variant: string; className: string; }' is not assignable to type 'IntrinsicAttributes & ClassAttributes<HTMLDivElement> & HTMLAttributes<HTMLDivElement> & { ...; }'.
  Property 'variant' does not exist on type 'IntrinsicAttributes & ClassAttributes<HTMLDivElement> & HTMLAttributes<HTMLDivElement> & { ...; }'.
components/storefront/CartClientPage.tsx(142,13): error TS2322: Type '"primary"' is not assignable to type '"link" | "default" | "secondary" | "outline" | "ghost" | "destructive" | null | undefined'.
components/storefront/CartClientPage.tsx(143,13): error TS2322: Type '"md"' is not assignable to type '"default" | "sm" | "lg" | "xs" | "icon" | "icon-xs" | "icon-sm" | "icon-lg" | null | undefined'.
components/storefront/CartClientPage.tsx(254,19): error TS2322: Type '"primary"' is not assignable to type '"link" | "default" | "secondary" | "outline" | "ghost" | "destructive" | null | undefined'.
components/storefront/CartClientPage.tsx(255,19): error TS2322: Type '"md"' is not assignable to type '"default" | "sm" | "lg" | "xs" | "icon" | "icon-xs" | "icon-sm" | "icon-lg" | null | undefined'.
components/storefront/CheckoutClientPage.tsx(12,23): error TS2307: Cannot find module '@/components/ui/feedback/Toast' or its corresponding type declarations.
components/storefront/CheckoutClientPage.tsx(178,15): error TS2322: Type '{ children: Element[]; variant: string; className: string; }' is not assignable to type 'IntrinsicAttributes & ClassAttributes<HTMLDivElement> & HTMLAttributes<HTMLDivElement> & { ...; }'.
  Property 'variant' does not exist on type 'IntrinsicAttributes & ClassAttributes<HTMLDivElement> & HTMLAttributes<HTMLDivElement> & { ...; }'.
components/storefront/CheckoutClientPage.tsx(185,21): error TS2322: Type '"outline-light"' is not assignable to type '"link" | "default" | "secondary" | "outline" | "ghost" | "destructive" | null | undefined'.
components/storefront/CheckoutClientPage.tsx(425,19): error TS2322: Type '{ children: Element[]; variant: string; className: string; }' is not assignable to type 'IntrinsicAttributes & ClassAttributes<HTMLDivElement> & HTMLAttributes<HTMLDivElement> & { ...; }'.
  Property 'variant' does not exist on type 'IntrinsicAttributes & ClassAttributes<HTMLDivElement> & HTMLAttributes<HTMLDivElement> & { ...; }'.
components/storefront/CheckoutClientPage.tsx(471,25): error TS2322: Type '{ options: string[]; value: string | null; onChange: (divisionName: string | null) => void; getOptionLabel: (d: any) => any; getOptionValue: (d: any) => any; placeholder: string; error: string; className: string; }' is not assignable to type 'IntrinsicAttributes & Omit<Props<string, "single">, "onOpenChange" | "autoComplete" | "fillInputOnItemPress" | "formAutoComplete" | "submitOnItemClick" | ... 12 more ... | "onItemHighlighted"> & { ...; }'.
  Property 'options' does not exist on type 'IntrinsicAttributes & Omit<Props<string, "single">, "onOpenChange" | "autoComplete" | "fillInputOnItemPress" | "formAutoComplete" | "submitOnItemClick" | ... 12 more ... | "onItemHighlighted"> & { ...; }'.
components/storefront/CheckoutClientPage.tsx(474,42): error TS7006: Parameter 'd' implicitly has an 'any' type.
components/storefront/CheckoutClientPage.tsx(475,42): error TS7006: Parameter 'd' implicitly has an 'any' type.
components/storefront/CheckoutClientPage.tsx(505,23): error TS2322: Type '{ options: string[]; value: string | null; onChange: (districtName: string | null) => void; getOptionLabel: (d: any) => any; getOptionValue: (d: any) => any; placeholder: string; disabled: boolean; error: string; className: string; }' is not assignable to type 'IntrinsicAttributes & Omit<Props<string, "single">, "onOpenChange" | "autoComplete" | "fillInputOnItemPress" | "formAutoComplete" | "submitOnItemClick" | ... 12 more ... | "onItemHighlighted"> & { ...; }'.
  Property 'options' does not exist on type 'IntrinsicAttributes & Omit<Props<string, "single">, "onOpenChange" | "autoComplete" | "fillInputOnItemPress" | "formAutoComplete" | "submitOnItemClick" | ... 12 more ... | "onItemHighlighted"> & { ...; }'.
components/storefront/CheckoutClientPage.tsx(508,40): error TS7006: Parameter 'd' implicitly has an 'any' type.
components/storefront/CheckoutClientPage.tsx(509,40): error TS7006: Parameter 'd' implicitly has an 'any' type.
components/storefront/CheckoutClientPage.tsx(543,15): error TS2322: Type '"primary"' is not assignable to type '"link" | "default" | "secondary" | "outline" | "ghost" | "destructive" | null | undefined'.
components/storefront/CheckoutClientPage.tsx(560,19): error TS2322: Type '{ children: Element[]; variant: string; className: string; }' is not assignable to type 'IntrinsicAttributes & ClassAttributes<HTMLDivElement> & HTMLAttributes<HTMLDivElement> & { ...; }'.
  Property 'variant' does not exist on type 'IntrinsicAttributes & ClassAttributes<HTMLDivElement> & HTMLAttributes<HTMLDivElement> & { ...; }'.
components/storefront/CheckoutClientPage.tsx(609,19): error TS2322: Type '{ children: (false | Element)[]; variant: string; className: string; }' is not assignable to type 'IntrinsicAttributes & ClassAttributes<HTMLDivElement> & HTMLAttributes<HTMLDivElement> & { ...; }'.
  Property 'variant' does not exist on type 'IntrinsicAttributes & ClassAttributes<HTMLDivElement> & HTMLAttributes<HTMLDivElement> & { ...; }'.
components/storefront/CheckoutClientPage.tsx(818,15): error TS2322: Type '"primary"' is not assignable to type '"link" | "default" | "secondary" | "outline" | "ghost" | "destructive" | null | undefined'.
components/storefront/CheckoutClientPage.tsx(840,17): error TS2322: Type '{ children: Element[]; variant: string; className: string; }' is not assignable to type 'IntrinsicAttributes & ClassAttributes<HTMLDivElement> & HTMLAttributes<HTMLDivElement> & { ...; }'.
  Property 'variant' does not exist on type 'IntrinsicAttributes & ClassAttributes<HTMLDivElement> & HTMLAttributes<HTMLDivElement> & { ...; }'.
components/storefront/CheckoutClientPage.tsx(870,17): error TS2322: Type '"primary"' is not assignable to type '"link" | "default" | "secondary" | "outline" | "ghost" | "destructive" | null | undefined'.
components/storefront/CheckoutClientPage.tsx(877,17): error TS2322: Type '"outline-light"' is not assignable to type '"link" | "default" | "secondary" | "outline" | "ghost" | "destructive" | null | undefined'.
components/storefront/CheckoutIdentitySection.tsx(222,13): error TS2322: Type '"outline-light"' is not assignable to type '"link" | "default" | "secondary" | "outline" | "ghost" | "destructive" | null | undefined'.
components/storefront/CheckoutIdentitySection.tsx(272,15): error TS2322: Type '"primary"' is not assignable to type '"link" | "default" | "secondary" | "outline" | "ghost" | "destructive" | null | undefined'.
components/storefront/CustomerOrderDetailClient.tsx(91,15): error TS2322: Type '{ children: Element; variant: string; className: string; }' is not assignable to type 'IntrinsicAttributes & ClassAttributes<HTMLDivElement> & HTMLAttributes<HTMLDivElement> & { ...; }'.
  Property 'variant' does not exist on type 'IntrinsicAttributes & ClassAttributes<HTMLDivElement> & HTMLAttributes<HTMLDivElement> & { ...; }'.
components/storefront/CustomerOrderDetailClient.tsx(186,17): error TS2322: Type '{ children: Element[]; variant: string; className: string; }' is not assignable to type 'IntrinsicAttributes & ClassAttributes<HTMLDivElement> & HTMLAttributes<HTMLDivElement> & { ...; }'.
  Property 'variant' does not exist on type 'IntrinsicAttributes & ClassAttributes<HTMLDivElement> & HTMLAttributes<HTMLDivElement> & { ...; }'.
components/storefront/CustomerOrderDetailClient.tsx(259,17): error TS2322: Type '{ children: Element[]; variant: string; className: string; }' is not assignable to type 'IntrinsicAttributes & ClassAttributes<HTMLDivElement> & HTMLAttributes<HTMLDivElement> & { ...; }'.
  Property 'variant' does not exist on type 'IntrinsicAttributes & ClassAttributes<HTMLDivElement> & HTMLAttributes<HTMLDivElement> & { ...; }'.
components/storefront/CustomerOrderDetailClient.tsx(293,17): error TS2322: Type '{ children: Element[]; variant: string; className: string; }' is not assignable to type 'IntrinsicAttributes & ClassAttributes<HTMLDivElement> & HTMLAttributes<HTMLDivElement> & { ...; }'.
  Property 'variant' does not exist on type 'IntrinsicAttributes & ClassAttributes<HTMLDivElement> & HTMLAttributes<HTMLDivElement> & { ...; }'.
components/storefront/CustomerOrdersList.tsx(54,17): error TS2322: Type '"primary"' is not assignable to type '"link" | "default" | "secondary" | "outline" | "ghost" | "destructive" | null | undefined'.
components/storefront/CustomerOrdersList.tsx(77,11): error TS2322: Type '"outline-light"' is not assignable to type '"link" | "default" | "secondary" | "outline" | "ghost" | "destructive" | null | undefined'.
components/storefront/CustomerOrdersList.tsx(89,15): error TS2322: Type '{ children: Element[]; variant: string; className: string; }' is not assignable to type 'IntrinsicAttributes & ClassAttributes<HTMLDivElement> & HTMLAttributes<HTMLDivElement> & { ...; }'.
  Property 'variant' does not exist on type 'IntrinsicAttributes & ClassAttributes<HTMLDivElement> & HTMLAttributes<HTMLDivElement> & { ...; }'.
components/storefront/CustomerOrdersList.tsx(101,38): error TS2322: Type '"primary"' is not assignable to type '"link" | "default" | "secondary" | "outline" | "ghost" | "destructive" | null | undefined'.
components/storefront/CustomerOrdersList.tsx(124,17): error TS2322: Type '{ children: Element[]; key: string; variant: string; className: string; }' is not assignable to type 'IntrinsicAttributes & ClassAttributes<HTMLDivElement> & HTMLAttributes<HTMLDivElement> & { ...; }'.
  Property 'variant' does not exist on type 'IntrinsicAttributes & ClassAttributes<HTMLDivElement> & HTMLAttributes<HTMLDivElement> & { ...; }'.
components/storefront/CustomerOrdersList.tsx(150,21): error TS2322: Type '{ children: Element[]; as: ForwardRefExoticComponent<Omit<AnchorHTMLAttributes<HTMLAnchorElement>, keyof LinkProps<any>> & LinkProps<any> & { ...; } & RefAttributes<...>>; href: string; variant: "ghost"; size: "sm"; className: string; }' is not assignable to type 'IntrinsicAttributes & ClassAttributes<HTMLButtonElement> & ButtonHTMLAttributes<HTMLButtonElement> & VariantProps<...> & { ...; }'.
  Property 'as' does not exist on type 'IntrinsicAttributes & ClassAttributes<HTMLButtonElement> & ButtonHTMLAttributes<HTMLButtonElement> & VariantProps<...> & { ...; }'.
components/storefront/OrdersLookupForm.tsx(133,13): error TS2322: Type '{ children: ("" | Element)[]; variant: string; className: string; }' is not assignable to type 'IntrinsicAttributes & ClassAttributes<HTMLDivElement> & HTMLAttributes<HTMLDivElement> & { ...; }'.
  Property 'variant' does not exist on type 'IntrinsicAttributes & ClassAttributes<HTMLDivElement> & HTMLAttributes<HTMLDivElement> & { ...; }'.
components/storefront/OrdersLookupForm.tsx(169,15): error TS2322: Type '"primary"' is not assignable to type '"link" | "default" | "secondary" | "outline" | "ghost" | "destructive" | null | undefined'.
components/storefront/OrdersLookupForm.tsx(226,17): error TS2322: Type '"primary"' is not assignable to type '"link" | "default" | "secondary" | "outline" | "ghost" | "destructive" | null | undefined'.
components/storefront/OrdersLookupForm.tsx(252,11): error TS2322: Type '"outline-light"' is not assignable to type '"link" | "default" | "secondary" | "outline" | "ghost" | "destructive" | null | undefined'.
components/storefront/PromoteAccountCard.tsx(63,13): error TS2322: Type '{ children: Element[]; variant: string; className: string; }' is not assignable to type 'IntrinsicAttributes & ClassAttributes<HTMLDivElement> & HTMLAttributes<HTMLDivElement> & { ...; }'.
  Property 'variant' does not exist on type 'IntrinsicAttributes & ClassAttributes<HTMLDivElement> & HTMLAttributes<HTMLDivElement> & { ...; }'.
components/storefront/PromoteAccountCard.tsx(78,11): error TS2322: Type '{ children: ("" | Element)[]; variant: string; className: string; }' is not assignable to type 'IntrinsicAttributes & ClassAttributes<HTMLDivElement> & HTMLAttributes<HTMLDivElement> & { ...; }'.
  Property 'variant' does not exist on type 'IntrinsicAttributes & ClassAttributes<HTMLDivElement> & HTMLAttributes<HTMLDivElement> & { ...; }'.
components/storefront/PromoteAccountCard.tsx(155,11): error TS2322: Type '"primary"' is not assignable to type '"link" | "default" | "secondary" | "outline" | "ghost" | "destructive" | null | undefined'.
components/storefront/sections/FaqSection.tsx(5,30): error TS2339: Property 'items' does not exist on type 'FaqContent'.
components/storefront/sections/FaqSection.tsx(6,46): error TS2339: Property 'title' does not exist on type 'FaqContent'.
components/storefront/shared/AddToCartButton.tsx(49,9): error TS2322: Type '"primary"' is not assignable to type '"link" | "default" | "secondary" | "outline" | "ghost" | "destructive" | null | undefined'.
components/storefront/shared/AddToCartButton.tsx(65,7): error TS2322: Type '"primary"' is not assignable to type '"link" | "default" | "secondary" | "outline" | "ghost" | "destructive" | null | undefined'.
components/storefront/shared/AddToCartButton.tsx(66,7): error TS2322: Type '"sm" | "md" | "lg"' is not assignable to type '"default" | "sm" | "lg" | "xs" | "icon" | "icon-xs" | "icon-sm" | "icon-lg" | null | undefined'.
  Type '"md"' is not assignable to type '"default" | "sm" | "lg" | "xs" | "icon" | "icon-xs" | "icon-sm" | "icon-lg" | null | undefined'.
components/storefront/shared/BuyNowButton.tsx(31,7): error TS2322: Type '"sm" | "md" | "lg"' is not assignable to type '"default" | "sm" | "lg" | "xs" | "icon" | "icon-xs" | "icon-sm" | "icon-lg" | null | undefined'.
  Type '"md"' is not assignable to type '"default" | "sm" | "lg" | "xs" | "icon" | "icon-xs" | "icon-sm" | "icon-lg" | null | undefined'.
components/ui/RichTextEditor.tsx(94,7): error TS18047: 'editor' is possibly 'null'.
components/ui/RichTextEditor.tsx(100,7): error TS18047: 'editor' is possibly 'null'.
components/ui/RichTextEditor.tsx(107,25): error TS18047: 'editor' is possibly 'null'.
components/ui/RichTextEditor.tsx(208,26): error TS18047: 'activeStates' is possibly 'null'.
components/ui/RichTextEditor.tsx(218,26): error TS18047: 'activeStates' is possibly 'null'.
components/ui/RichTextEditor.tsx(228,26): error TS18047: 'activeStates' is possibly 'null'.
components/ui/RichTextEditor.tsx(242,26): error TS18047: 'activeStates' is possibly 'null'.
components/ui/RichTextEditor.tsx(252,26): error TS18047: 'activeStates' is possibly 'null'.
components/ui/RichTextEditor.tsx(262,26): error TS18047: 'activeStates' is possibly 'null'.
components/ui/RichTextEditor.tsx(276,26): error TS18047: 'activeStates' is possibly 'null'.
components/ui/RichTextEditor.tsx(286,26): error TS18047: 'activeStates' is possibly 'null'.
components/ui/RichTextEditor.tsx(300,26): error TS18047: 'activeStates' is possibly 'null'.
components/ui/RichTextEditor.tsx(310,26): error TS18047: 'activeStates' is possibly 'null'.
components/ui/RichTextEditor.tsx(324,26): error TS18047: 'activeStates' is possibly 'null'.
components/ui/RichTextEditor.tsx(337,28): error TS18047: 'activeStates' is possibly 'null'.
components/ui/RichTextEditor.tsx(352,28): error TS18047: 'activeStates' is possibly 'null'.
components/ui/RichTextEditor.tsx(363,28): error TS18047: 'activeStates' is possibly 'null'.
components/ui/RichTextEditor.tsx(387,16): error TS18047: 'activeStates' is possibly 'null'.
components/ui/RichTextEditor.tsx(388,16): error TS18047: 'activeStates' is possibly 'null'.
lib/cache/shipping.ts(2,10): error TS2724: '"@/db/queries/shippingZones"' has no exported member named 'getShippingZones'. Did you mean 'createShippingZone'?
scripts/migrate-storefront-content.ts(30,36): error TS2339: Property 'rows' does not exist on type 'RowList<Record<string, unknown>[]>'.
